// Jest Snapshot v1, https://goo.gl/fbAQLP

exports[`<SingleProduct /> renders with proper data 1`] = `
<div>
  <div
    class="SingleProductPage__ProductStyles-sc-10o3qp1-0 ieCAXR"
    data-testid="singleProduct"
  >
    <img
      alt="dogs are best"
      src="dog.jpg"
    />
    <div
      class="details"
    >
      <h2>
        dogs are best
      </h2>
      <p>
        dogs
      </p>
    </div>
  </div>
</div>
`;
